


78K/0S Series Linker W2.00                    Date:23 Mar 2013 Page:   1

Command:   -yC:\Program Files\NEC Electronics Tools\DEV -_msgoff -oa.lmf
            ..\..\..\Program Files (x86)\NEC Electronics Tools\CC78K0S\W
           2.01\lib78k0s\s0sl.rel -pa.map -bcl0s.lib -bcl0sf.lib -iC:\Pr
           ogram Files (x86)\NEC Electronics Tools\CC78K0S\W2.01\lib78k0
           s -dlk.dr -s main.rel systeminit.rel option.rel system.rel sy
           stem_user.rel port.rel timer.rel timer_user.rel
Para-file:
Out-file:  a.lmf
Map-file:  a.map
Direc-file:lk.dr
Directive: ;/*
           ;************************************************************
           ******************
           ;*
           ;*  This device driver was created by Applilet2 for the Appli
           let2 for 78K0S/Kx1+
           ;*  8-Bit Single-Chip Microcontrollers
           ;*
           ;*  Copyright(C) NEC Electronics Corporation 2002 - 2013
           ;*  All rights reserved by NEC Electronics Corporation.
           ;*
           ;*  This program should be used on your own responsibility.
           ;*  NEC Electronics Corporation assumes no responsibility for
            any losses
           ;*  incurred by customers or third parties arising from the u
           se of this file.
           ;*
           ;*  Filename :   lk.dr
           ;*  Abstract :  This is the link file.
           ;*  APIlib :    Applilet2 for 78K0S/Kx1+ V2.41 [9 Sep. 2008]
           ;*
           ;*  Device :    uPD78F9222
           ;*
           ;*  Compiler :  CC78K0S
           ;*
           ;*  Creation date:      2013/03/23
           ;*  
           ;************************************************************
           ******************
           ;*/
           ;************************************************************
           ******************
           ;<Directive>
           ;       MEMORY directive:       Declares an address in instal
           led memory.
           ;       MERGE directive:        Specifies location of a segme
           nt.
           ;************************************************************
           ******************
           ;<Example on how to specify the stack area>
           ;       Please specify the linker option -SSTK.
           ;       The stack area should be in the internal high-speed R
           AM area in case of 
           ;       78K/0 or 78K/0S series.
           ;
           ;                       START ADDRESS, STACK SIZE
           ;       memory STK : (0FE00H, 20H)
           ;************************************************************
           ******************
           ;<Example of locating data in external memory>
           ;       The section name output by C compiler can be changed 



78K/0S Series Linker W2.00                    Date:23 Mar 2013 Page:   2

           with #pragma section 
           ;       function.
           ;
           ;       If the name of ROMization-related section which has g
           lobal variables with 
           ;       initial values is changed, the modification of C star
           t-up routine will be
           ;       required. Please refer the CC78K0 C Compiler Language
            User Manual Language
           ;       Chap.11 in detail.
           ;
           ;       ex. This is the example of renaming the @@DATA segmen
           t.
           ;       #pragma section @@DATA DAT1
           ;       
           ;       By the following directives, "DAT1" segment is locate
           d in EXMEM area.
           ;                       START ADDRESS, MEMORY SIZE
           ;       memory EXMEM : (0F000H, 1000H)
           ;       merge  DAT1 := EXMEM
           ;************************************************************
           ******************
           
           


*** Link information ***

    15 output segment(s)
  1F1H byte(s) real data
   278 symbol(s) defined


*** Memory map ***


  SPACE=REGULAR

  MEMORY=ROM
  BASE ADDRESS=0000H    SIZE=1000H
         OUTPUT   INPUT    INPUT      BASE      SIZE
         SEGMENT  SEGMENT  MODULE     ADDRESS
         @@VECT00                     0000H     0002H   CSEG AT
                  @@VECT00 @cstart    0000H     0002H
* gap *                               0002H     000CH
         @@VECT0E                     000EH     0002H   CSEG AT
                  @@VECT0E timer_user
                                      000EH     0002H
* gap *                               0010H     0030H
         @@CALT                       0040H     0004H   CSEG CALLT0
                  @@CALT   @cstart    0040H     0000H
                  @@CALT   main       0040H     0000H
                  @@CALT   systeminit
                                      0040H     0000H
                  @@CALT   system     0040H     0000H
                  @@CALT   system_user
                                      0040H     0000H
                  @@CALT   port       0040H     0000H
                  @@CALT   timer      0040H     0000H
                  @@CALT   timer_user
                                      0040H     0000H



78K/0S Series Linker W2.00                    Date:23 Mar 2013 Page:   3

                  @@CALT   @cproc     0040H     0004H
* gap *                               0044H     003CH
         OPT_SET                      0080H     0001H   CSEG AT
                  OPT_SET  option     0080H     0001H
         ONC_RESE                     0081H     0001H   CSEG AT
                  ONC_RESE option     0081H     0001H
         @@R_INIS                     0082H     0000H   CSEG UNITP
                  @@R_INIS @cstart    0082H     0000H
                  @@R_INIS main       0082H     0000H
                  @@R_INIS systeminit
                                      0082H     0000H
                  @@R_INIS system     0082H     0000H
                  @@R_INIS system_user
                                      0082H     0000H
                  @@R_INIS port       0082H     0000H
                  @@R_INIS timer      0082H     0000H
                  @@R_INIS timer_user
                                      0082H     0000H
                  @@R_INIS @rom       0082H     0000H
         @@LCODE                      0082H     00D0H   CSEG
                  @@LCODE  @cstart    0082H     008AH
                  @@LCODE  @cproc     010CH     001CH
                  @@LCODE  exit       0128H     002AH
         @@R_INIT                     0152H     0000H   CSEG
                  @@R_INIT @cstart    0152H     0000H
                  @@R_INIT main       0152H     0000H
                  @@R_INIT systeminit
                                      0152H     0000H
                  @@R_INIT system     0152H     0000H
                  @@R_INIT system_user
                                      0152H     0000H
                  @@R_INIT port       0152H     0000H
                  @@R_INIT timer      0152H     0000H
                  @@R_INIT timer_user
                                      0152H     0000H
                  @@R_INIT @rom       0152H     0000H
         @@CNST                       0152H     0000H   CSEG
                  @@CNST   @cstart    0152H     0000H
                  @@CNST   main       0152H     0000H
                  @@CNST   systeminit
                                      0152H     0000H
                  @@CNST   system     0152H     0000H
                  @@CNST   system_user
                                      0152H     0000H
                  @@CNST   port       0152H     0000H
                  @@CNST   timer      0152H     0000H
                  @@CNST   timer_user
                                      0152H     0000H
         @@CODE                       0152H     0117H   CSEG
                  @@CODE   main       0152H     0043H
                  @@CODE   systeminit
                                      0195H     001AH
                  @@CODE   system     01AFH     000AH
                  @@CODE   system_user
                                      01B9H     000CH
                  @@CODE   port       01C5H     0007H
                  @@CODE   timer      01CCH     008CH
                  @@CODE   timer_user
                                      0258H     0011H
* gap *                               0269H     0D97H




78K/0S Series Linker W2.00                    Date:23 Mar 2013 Page:   4

  MEMORY=RAM
  BASE ADDRESS=FE00H    SIZE=0200H
         OUTPUT   INPUT    INPUT      BASE      SIZE
         SEGMENT  SEGMENT  MODULE     ADDRESS
         @@INIS                       FE00H     0000H   DSEG UNITP
                  @@INIS   @cstart    FE00H     0000H
                  @@INIS   main       FE00H     0000H
                  @@INIS   systeminit
                                      FE00H     0000H
                  @@INIS   system     FE00H     0000H
                  @@INIS   system_user
                                      FE00H     0000H
                  @@INIS   port       FE00H     0000H
                  @@INIS   timer      FE00H     0000H
                  @@INIS   timer_user
                                      FE00H     0000H
                  @@INIS   @rom       FE00H     0000H
         @@DATS                       FE00H     0000H   DSEG UNITP
                  @@DATS   @cstart    FE00H     0000H
                  @@DATS   main       FE00H     0000H
                  @@DATS   systeminit
                                      FE00H     0000H
                  @@DATS   system     FE00H     0000H
                  @@DATS   system_user
                                      FE00H     0000H
                  @@DATS   port       FE00H     0000H
                  @@DATS   timer      FE00H     0000H
                  @@DATS   timer_user
                                      FE00H     0000H
                  @@DATS   @rom       FE00H     0000H
         @@DATA                       FE00H     0078H   DSEG
                  @@DATA   @cstart    FE00H     0078H
                  @@DATA   main       FE78H     0000H
                  @@DATA   systeminit
                                      FE78H     0000H
                  @@DATA   system     FE78H     0000H
                  @@DATA   system_user
                                      FE78H     0000H
                  @@DATA   port       FE78H     0000H
                  @@DATA   timer      FE78H     0000H
                  @@DATA   timer_user
                                      FE78H     0000H
                  @@DATA   @rom       FE78H     0000H
         @@INIT                       FE78H     0000H   DSEG
                  @@INIT   @cstart    FE78H     0000H
                  @@INIT   main       FE78H     0000H
                  @@INIT   systeminit
                                      FE78H     0000H
                  @@INIT   system     FE78H     0000H
                  @@INIT   system_user
                                      FE78H     0000H
                  @@INIT   port       FE78H     0000H
                  @@INIT   timer      FE78H     0000H
                  @@INIT   timer_user
                                      FE78H     0000H
                  @@INIT   @rom       FE78H     0000H
         @@BITS                       FE78H     0000H   BSEG
                  @@BITS   @cstart    FE78H.0   0000H.0
                  @@BITS   main       FE78H.0   0000H.0
                  @@BITS   systeminit
                                      FE78H.0   0000H.0



78K/0S Series Linker W2.00                    Date:23 Mar 2013 Page:   5

                  @@BITS   system     FE78H.0   0000H.0
                  @@BITS   system_user
                                      FE78H.0   0000H.0
                  @@BITS   port       FE78H.0   0000H.0
                  @@BITS   timer      FE78H.0   0000H.0
                  @@BITS   timer_user
                                      FE78H.0   0000H.0
* gap *                               FE78H     0088H
* gap (Not Free Area) *               FF00H     0100H


 Target chip : uPD78F9222
 Device file : V3.10
